Renesas Optimizing Linker
_g_f4_id_ref_monitor
20000150  4  data ,g
_g_f4_id_ad_monitor
2000014c  4  data ,g
_g_f4_iq_ref_monitor
20000158  4  data ,g
_g_f4_iq_ad_monitor
20000154  4  data ,g
_g_f4_iu_ad_monitor
2000015c  4  data ,g
_g_f4_iv_ad_monitor
20000160  4  data ,g
_g_f4_iw_ad_monitor
20000164  4  data ,g
_g_f4_vdc_ad_monitor
200001a8  4  data ,g
_g_f4_vd_ref_monitor
200001a4  4  data ,g
_g_f4_vq_ref_monitor
200001ac  4  data ,g
_g_f4_refu_monitor
20000184  4  data ,g
_g_f4_refv_monitor
20000188  4  data ,g
_g_f4_refw_monitor
2000018c  4  data ,g
_g_f4_ed_monitor
20000144  4  data ,g
_g_f4_eq_monitor
20000148  4  data ,g
_g_f4_phase_err_monitor
20000180  4  data ,g
_g_f4_angle_rad_monitor
20000130  4  data ,g
_g_f4_speed_est_monitor
20000190  4  data ,g
_g_f4_speed_ref_monitor
2000019c  4  data ,g
_g_u1_state_id_ref_monitor
200001b1  1  data ,g
_g_u1_state_iq_ref_monitor
200001b2  1  data ,g
_g_u1_state_speed_ref_monitor
200001b3  1  data ,g
_g_f4_speed_kp_monitor
20000198  4  data ,g
_g_f4_speed_ki_monitor
20000194  4  data ,g
_g_f4_current_kp_d_monitor
2000013c  4  data ,g
_g_f4_current_ki_d_monitor
20000134  4  data ,g
_g_f4_current_kp_q_monitor
20000140  4  data ,g
_g_f4_current_ki_q_monitor
20000138  4  data ,g
_g_f4_k_e_obs_1_d_monitor
20000168  4  data ,g
_g_f4_k_e_obs_2_d_monitor
20000170  4  data ,g
_g_f4_k_e_obs_1_q_monitor
2000016c  4  data ,g
_g_f4_k_e_obs_2_q_monitor
20000174  4  data ,g
_g_f4_kp_est_speed_monitor
2000017c  4  data ,g
_g_f4_ki_est_speed_monitor
20000178  4  data ,g
_g_f4_speed_rpm_monitor
200001a0  4  data ,g
_com_f4_ref_speed_rpm
20000120  4  data ,g
_com_u2_mtr_pp
2000012e  2  data ,g
_com_f4_mtr_r
20000100  4  data ,g
_com_f4_mtr_ld
200000f4  4  data ,g
_com_f4_mtr_lq
200000f8  4  data ,g
_com_f4_mtr_m
200000fc  4  data ,g
_com_f4_mtr_j
200000f0  4  data ,g
_com_f4_current_omega
200000cc  4  data ,g
_com_f4_current_zeta
200000d0  4  data ,g
_com_f4_speed_omega
20000124  4  data ,g
_com_f4_speed_zeta
20000128  4  data ,g
_com_f4_e_obs_omega
200000d4  4  data ,g
_com_f4_e_obs_zeta
200000d8  4  data ,g
_com_f4_pll_est_omega
20000114  4  data ,g
_com_f4_pll_est_zeta
20000118  4  data ,g
_com_f4_ref_id
2000011c  4  data ,g
_com_f4_ol_id_up_step
20000108  4  data ,g
_com_f4_ol_id_down_step
20000104  4  data ,g
_com_f4_id_down_speed_rpm
200000dc  4  data ,g
_com_f4_id_up_speed_rpm
200000e0  4  data ,g
_com_f4_max_speed_rpm
200000ec  4  data ,g
_com_f4_overspeed_limit_rpm
20000110  4  data ,g
_com_f4_overcurrent_limit
2000010c  4  data ,g
_com_f4_iq_limit
200000e4  4  data ,g
_com_f4_limit_speed_change
200000e8  4  data ,g
_com_u1_enable_write
2000012c  1  data ,g
_g_u1_enable_write
200001b0  1  data ,g
_g_u1_trig_enable_write
200001b4  1  data ,g
_g_f4_speed_ref
200001b8  4  data ,g
_g_u1_motor_status
20000208  1  data ,g
_com_u1_sw_userif
200001b7  1  data ,g
_g_u1_sw_userif
2000020c  1  data ,g
_com_u1_mode_system
200001b6  1  data ,g
_g_u1_mode_system
20000207  1  data ,g
_g_u2_max_speed_rpm
20000216  2  data ,g
_g_u1_stop_req
2000020a  1  data ,g
_g_u2_chk_error
2000020e  2  data ,g
_g_u2_vr1_ad
20000218  2  data ,g
_g_u2_conf_hw
20000210  2  data ,g
_g_u2_conf_sw
20000212  2  data ,g
_g_u2_conf_tool
20000214  2  data ,g
_g_u1_conf_motor_type_len
20000206  1  data ,g
_g_u1_conf_control_len
200001e5  1  data ,g
_g_u1_conf_inverter_len
200001f0  1  data ,g
_g_u1_conf_motor_type
200001f4  12  data ,g
_g_u1_conf_control
200001bc  29  data ,g
_g_u1_conf_inverter
200001e8  8  data ,g
_g_u1_reset_req
20000209  1  data ,g
_g_u1_sw_cnt
2000020b  1  data ,g
_g_user_motor_cfg
20000224  14  data ,g
struct  {
_g_user_motor_cfg.p_motor_speed_instance
20000224  4  [pointer]
_g_user_motor_cfg.p_motor_current_instance
20000228  4  [pointer]
_g_user_motor_cfg.p_callback
2000022c  4  [pointer]
_g_user_motor_cfg.p_context
20000230  4  [pointer]
_g_user_motor_cfg.p_extend
20000234  4  [pointer]
}
_g_user_motor_sensorless_extended_cfg
20000358  10  data ,g
struct  {
_g_user_motor_sensorless_extended_cfg.f_overcurrent_limit
20000358  4  float
_g_user_motor_sensorless_extended_cfg.f_overvoltage_limit
2000035c  4  float
_g_user_motor_sensorless_extended_cfg.f_overspeed_limit
20000360  4  float
_g_user_motor_sensorless_extended_cfg.f_lowvoltage_limit
20000364  4  float
}
_g_user_motor_speed_cfg
20000368  1c  data ,g
struct  {
_g_user_motor_speed_cfg.st_input
20000368  4  [pointer]
_g_user_motor_speed_cfg.st_output
2000036c  4  [pointer]
_g_user_motor_speed_cfg.p_timer_instance
20000370  4  [pointer]
_g_user_motor_speed_cfg.p_position_instance
20000374  4  [pointer]
_g_user_motor_speed_cfg.p_callback
20000378  4  [pointer]
_g_user_motor_speed_cfg.p_context
2000037c  4  [pointer]
_g_user_motor_speed_cfg.p_extend
20000380  4  [pointer]
}
_g_user_motor_speed_extended_cfg
20000384  a0  data ,g
struct  {
_g_user_motor_speed_extended_cfg.u1_ctrl_method
20000384  1  unsigned char
_g_user_motor_speed_extended_cfg.f_speed_ctrl_period
20000388  4  float
_g_user_motor_speed_extended_cfg.f_limit_speed_change
2000038c  4  float
_g_user_motor_speed_extended_cfg.f_max_speed_rad
20000390  4  float
_g_user_motor_speed_extended_cfg.f_omega_t
20000394  4  float
_g_user_motor_speed_extended_cfg.f_id_up_speed_rad
20000398  4  float
_g_user_motor_speed_extended_cfg.f_iq_limit
2000039c  4  float
_g_user_motor_speed_extended_cfg.f_ol_fb_speed_limit_rate
200003a0  4  float
_g_user_motor_speed_extended_cfg.f_natural_frequency
200003a4  4  float
_g_user_motor_speed_extended_cfg.u1_openloop_damping
200003a8  1  enum
_g_user_motor_speed_extended_cfg.u1_flux_weakening
200003a9  1  enum
_g_user_motor_speed_extended_cfg.u1_less_switch
200003aa  1  enum
_g_user_motor_speed_extended_cfg.u1_observer_swtich
200003ab  1  enum
_g_user_motor_speed_extended_cfg.observer_select
200003ac  1  enum
_g_user_motor_speed_extended_cfg.ol_param
200003b0  20
struct  {
_g_user_motor_speed_extended_cfg.ol_param.f4_ol_id_up_step
200003b0  4  float
_g_user_motor_speed_extended_cfg.ol_param.f4_ol_id_down_step
200003b4  4  float
_g_user_motor_speed_extended_cfg.ol_param.f4_ol_iq_down_step_ratio
200003b8  4  float
_g_user_motor_speed_extended_cfg.ol_param.f4_ol_id_ref
200003bc  4  float
_g_user_motor_speed_extended_cfg.ol_param.f4_id_down_speed_rad
200003c0  4  float
_g_user_motor_speed_extended_cfg.ol_param.f4_id_up_speed_rad
200003c4  4  float
_g_user_motor_speed_extended_cfg.ol_param.f4_opl2less_sw_time
200003c8  4  float
_g_user_motor_speed_extended_cfg.ol_param.f4_switch_phase_err_rad
200003cc  4  float
}
_g_user_motor_speed_extended_cfg.ol_sub_param
200003d0  1c
struct  {
_g_user_motor_speed_extended_cfg.ol_sub_param.st_ed_lpf
200003d0  14
struct  {
_g_user_motor_speed_extended_cfg.ol_sub_param.st_ed_lpf.f_pre_output
200003d0  4  float
_g_user_motor_speed_extended_cfg.ol_sub_param.st_ed_lpf.f_pre_input
200003d4  4  float
_g_user_motor_speed_extended_cfg.ol_sub_param.st_ed_lpf.f_omega_t
200003d8  4  float
_g_user_motor_speed_extended_cfg.ol_sub_param.st_ed_lpf.f_gain_ka
200003dc  4  float
_g_user_motor_speed_extended_cfg.ol_sub_param.st_ed_lpf.f_gain_kb
200003e0  4  float
}
_g_user_motor_speed_extended_cfg.ol_sub_param.f_damp_comp_gain
200003e4  4  float
_g_user_motor_speed_extended_cfg.ol_sub_param.f_fb_speed_limit_rate
200003e8  4  float
}
_g_user_motor_speed_extended_cfg.d_param
200003ec  1c
struct  {
_g_user_motor_speed_extended_cfg.d_param.f_speed_omega
200003ec  4  float
_g_user_motor_speed_extended_cfg.d_param.f_speed_zeta
200003f0  4  float
_g_user_motor_speed_extended_cfg.d_param.f_ed_hpf_omega
200003f4  4  float
_g_user_motor_speed_extended_cfg.d_param.f_ol_damping_zeta
200003f8  4  float
_g_user_motor_speed_extended_cfg.d_param.f_phase_err_lpf_cut_freq
200003fc  4  float
_g_user_motor_speed_extended_cfg.d_param.f_observer_omega
20000400  4  float
_g_user_motor_speed_extended_cfg.d_param.f_observer_zeta
20000404  4  float
}
_g_user_motor_speed_extended_cfg.control_type
20000408  1  enum
_g_user_motor_speed_extended_cfg.mtr_param
2000040c  18
struct  {
_g_user_motor_speed_extended_cfg.mtr_param.u2_mtr_pp
2000040c  2  unsigned short
_g_user_motor_speed_extended_cfg.mtr_param.f4_mtr_r
20000410  4  float
_g_user_motor_speed_extended_cfg.mtr_param.f4_mtr_ld
20000414  4  float
_g_user_motor_speed_extended_cfg.mtr_param.f4_mtr_lq
20000418  4  float
_g_user_motor_speed_extended_cfg.mtr_param.f4_mtr_m
2000041c  4  float
_g_user_motor_speed_extended_cfg.mtr_param.f4_mtr_j
20000420  4  float
}
}
_g_user_motor_current_cfg
20000238  14  data ,g
struct  {
_g_user_motor_current_cfg.p_motor_driver_instance
20000238  4  [pointer]
_g_user_motor_current_cfg.p_motor_angle_instance
2000023c  4  [pointer]
_g_user_motor_current_cfg.p_callback
20000240  4  [pointer]
_g_user_motor_current_cfg.p_context
20000244  4  [pointer]
_g_user_motor_current_cfg.p_extend
20000248  4  [pointer]
}
_g_user_motor_current_extended_cfg
20000254  40  data ,g
struct  {
_g_user_motor_current_extended_cfg.u1_control_type
20000254  1  enum
_g_user_motor_current_extended_cfg.shunt
20000255  1  enum
_g_user_motor_current_extended_cfg.f_comp_v
20000258  14  float
_g_user_motor_current_extended_cfg.f_comp_i
2000026c  14  float
_g_user_motor_current_extended_cfg.vcomp_enable
20000280  1  enum
_g_user_motor_current_extended_cfg.u1_sample_delay_comp_enable
20000281  1  enum
_g_user_motor_current_extended_cfg.f_current_ctrl_period
20000284  4  float
_g_user_motor_current_extended_cfg.f_ilimit
20000288  4  float
_g_user_motor_current_extended_cfg.p_motor_parameter
2000028c  4  [pointer]
_g_user_motor_current_extended_cfg.p_design_parameter
20000290  4  [pointer]
}
_g_user_motor_angle_cfg
2000021c  8  data ,g
struct  {
_g_user_motor_angle_cfg.p_context
2000021c  4  [pointer]
_g_user_motor_angle_cfg.p_extend
20000220  4  [pointer]
}
_g_user_motor_estimate_extended_cfg
20000324  34  data ,g
struct  {
_g_user_motor_estimate_extended_cfg.openloop_damping
20000324  1  enum
_g_user_motor_estimate_extended_cfg.f_e_obs_omega
20000328  4  float
_g_user_motor_estimate_extended_cfg.f_e_obs_zeta
2000032c  4  float
_g_user_motor_estimate_extended_cfg.f_pll_est_omega
20000330  4  float
_g_user_motor_estimate_extended_cfg.f_pll_est_zeta
20000334  4  float
_g_user_motor_estimate_extended_cfg.f4_ctrl_period
20000338  4  float
_g_user_motor_estimate_extended_cfg.st_motor_params
2000033c  1c
struct  {
_g_user_motor_estimate_extended_cfg.st_motor_params.u2_mtr_pp
2000033c  2  unsigned short
_g_user_motor_estimate_extended_cfg.st_motor_params.f4_mtr_r
20000340  4  float
_g_user_motor_estimate_extended_cfg.st_motor_params.f4_mtr_ld
20000344  4  float
_g_user_motor_estimate_extended_cfg.st_motor_params.f4_mtr_lq
20000348  4  float
_g_user_motor_estimate_extended_cfg.st_motor_params.f4_mtr_m
2000034c  4  float
_g_user_motor_estimate_extended_cfg.st_motor_params.f4_mtr_j
20000350  4  float
_g_user_motor_estimate_extended_cfg.st_motor_params.f4_mtr_nominal_current
20000354  4  float
}
}
_g_user_motor_driver_cfg
200002ac  24  data ,g
struct  {
_g_user_motor_driver_cfg.p_adc_instance
200002ac  4  [pointer]
_g_user_motor_driver_cfg.iu_ad_ch
200002b0  1  enum
_g_user_motor_driver_cfg.iv_ad_ch
200002b1  1  enum
_g_user_motor_driver_cfg.iw_ad_ch
200002b2  1  enum
_g_user_motor_driver_cfg.vdc_ad_ch
200002b3  1  enum
_g_user_motor_driver_cfg.sin_ad_ch
200002b4  1  enum
_g_user_motor_driver_cfg.cos_ad_ch
200002b5  1  enum
_g_user_motor_driver_cfg.p_adc2_instance
200002b8  4  [pointer]
_g_user_motor_driver_cfg.shunt
200002bc  1  enum
_g_user_motor_driver_cfg.p_three_phase_instance
200002c0  4  [pointer]
_g_user_motor_driver_cfg.p_callback
200002c4  4  [pointer]
_g_user_motor_driver_cfg.p_context
200002c8  4  [pointer]
_g_user_motor_driver_cfg.p_extend
200002cc  4  [pointer]
}
_g_user_motor_driver_extended_cfg
200002d0  54  data ,g
struct  {
_g_user_motor_driver_extended_cfg.u2_pwm_timer_freq
200002d0  2  unsigned short
_g_user_motor_driver_extended_cfg.u2_pwm_carrier_freq
200002d2  2  unsigned short
_g_user_motor_driver_extended_cfg.u2_deadtime
200002d4  2  unsigned short
_g_user_motor_driver_extended_cfg.f_current_range
200002d8  4  float
_g_user_motor_driver_extended_cfg.f_vdc_range
200002dc  4  float
_g_user_motor_driver_extended_cfg.f_ad_resolution
200002e0  4  float
_g_user_motor_driver_extended_cfg.f_ad_current_offset
200002e4  4  float
_g_user_motor_driver_extended_cfg.f_ad_voltage_conversion
200002e8  4  float
_g_user_motor_driver_extended_cfg.u2_offset_calc_count
200002ec  2  unsigned short
_g_user_motor_driver_extended_cfg.modulation_method
200002ee  1  enum
_g_user_motor_driver_extended_cfg.port_up
200002f0  2  enum
_g_user_motor_driver_extended_cfg.port_un
200002f2  2  enum
_g_user_motor_driver_extended_cfg.port_vp
200002f4  2  enum
_g_user_motor_driver_extended_cfg.port_vn
200002f6  2  enum
_g_user_motor_driver_extended_cfg.port_wp
200002f8  2  enum
_g_user_motor_driver_extended_cfg.port_wn
200002fa  2  enum
_g_user_motor_driver_extended_cfg.f_ad_current_adjust
200002fc  4  float
_g_user_motor_driver_extended_cfg.s4_difference_minimum
20000300  4  long
_g_user_motor_driver_extended_cfg.s4_adjust_adc_delay
20000304  4  long
_g_user_motor_driver_extended_cfg.mod_param
20000308  1c
struct  {
_g_user_motor_driver_extended_cfg.mod_param.f4_vdc
20000308  4  float
_g_user_motor_driver_extended_cfg.mod_param.f4_1_div_vdc
2000030c  4  float
_g_user_motor_driver_extended_cfg.mod_param.f4_voltage_error_ratio
20000310  4  float
_g_user_motor_driver_extended_cfg.mod_param.f4_max_duty
20000314  4  float
_g_user_motor_driver_extended_cfg.mod_param.f4_min_duty
20000318  4  float
_g_user_motor_driver_extended_cfg.mod_param.f4_neutral_duty
2000031c  4  float
_g_user_motor_driver_extended_cfg.mod_param.u1_sat_flag
20000320  1  unsigned char
}
}
_g_user_motor_current_motor_parameter
20000294  18  data ,g
struct  {
_g_user_motor_current_motor_parameter.u2_mtr_pp
20000294  2  unsigned short
_g_user_motor_current_motor_parameter.f4_mtr_r
20000298  4  float
_g_user_motor_current_motor_parameter.f4_mtr_ld
2000029c  4  float
_g_user_motor_current_motor_parameter.f4_mtr_lq
200002a0  4  float
_g_user_motor_current_motor_parameter.f4_mtr_m
200002a4  4  float
_g_user_motor_current_motor_parameter.f4_mtr_j
200002a8  4  float
}
_g_user_motor_current_design_parameter
2000024c  8  data ,g
struct  {
_g_user_motor_current_design_parameter.f_current_omega
2000024c  4  float
_g_user_motor_current_design_parameter.f_current_zeta
20000250  4  float
}
_g_ioport_ctrl
20000424  8  data ,g
struct  {
_g_ioport_ctrl.open
20000424  4  unsigned long
_g_ioport_ctrl.p_context
20000428  4  [pointer]
}
_g_poeg0_ctrl
200008bc  18  data ,g
struct  {
_g_poeg0_ctrl.open
200008bc  4  unsigned long
_g_poeg0_ctrl.p_cfg
200008c0  4  [pointer]
_g_poeg0_ctrl.p_reg
200008c4  4  [pointer]
_g_poeg0_ctrl.p_callback
200008c8  4  [pointer]
_g_poeg0_ctrl.p_callback_memory
200008cc  4  [pointer]
_g_poeg0_ctrl.p_context
200008d0  4  [pointer]
}
_g_motor_angle0_ctrl
2000044c  9c  data ,g
struct  {
_g_motor_angle0_ctrl.open
2000044c  4  unsigned long
_g_motor_angle0_ctrl.f4_ed
20000450  4  float
_g_motor_angle0_ctrl.f4_eq
20000454  4  float
_g_motor_angle0_ctrl.f4_speed_rad
20000458  4  float
_g_motor_angle0_ctrl.f4_phase_err_rad
2000045c  4  float
_g_motor_angle0_ctrl.f4_angle_rad
20000460  4  float
_g_motor_angle0_ctrl.u1_flg_pi_ctrl
20000464  1  unsigned char
_g_motor_angle0_ctrl.u1_flg_pll_start
20000465  1  unsigned char
_g_motor_angle0_ctrl.st_bemf_obs
20000468  58
struct  {
_g_motor_angle0_ctrl.st_bemf_obs.f4_dt
20000468  4  float
_g_motor_angle0_ctrl.st_bemf_obs.st_motor_params
2000046c  1c
struct  {
_g_motor_angle0_ctrl.st_bemf_obs.st_motor_params.u2_mtr_pp
2000046c  2  unsigned short
_g_motor_angle0_ctrl.st_bemf_obs.st_motor_params.f4_mtr_r
20000470  4  float
_g_motor_angle0_ctrl.st_bemf_obs.st_motor_params.f4_mtr_ld
20000474  4  float
_g_motor_angle0_ctrl.st_bemf_obs.st_motor_params.f4_mtr_lq
20000478  4  float
_g_motor_angle0_ctrl.st_bemf_obs.st_motor_params.f4_mtr_m
2000047c  4  float
_g_motor_angle0_ctrl.st_bemf_obs.st_motor_params.f4_mtr_j
20000480  4  float
_g_motor_angle0_ctrl.st_bemf_obs.st_motor_params.f4_mtr_nominal_current
20000484  4  float
}
_g_motor_angle0_ctrl.st_bemf_obs.st_d_axis
20000488  1c
struct  {
_g_motor_angle0_ctrl.st_bemf_obs.st_d_axis.f4_k_e_obs_1
20000488  4  float
_g_motor_angle0_ctrl.st_bemf_obs.st_d_axis.f4_k_e_obs_2
2000048c  4  float
_g_motor_angle0_ctrl.st_bemf_obs.st_d_axis.f4_i_pre
20000490  4  float
_g_motor_angle0_ctrl.st_bemf_obs.st_d_axis.f4_i_est_pre
20000494  4  float
_g_motor_angle0_ctrl.st_bemf_obs.st_d_axis.f4_d_est
20000498  4  float
_g_motor_angle0_ctrl.st_bemf_obs.st_d_axis.f4_d_est_pre
2000049c  4  float
_g_motor_angle0_ctrl.st_bemf_obs.st_d_axis.f4_d_est_limit
200004a0  4  float
}
_g_motor_angle0_ctrl.st_bemf_obs.st_q_axis
200004a4  1c
struct  {
_g_motor_angle0_ctrl.st_bemf_obs.st_q_axis.f4_k_e_obs_1
200004a4  4  float
_g_motor_angle0_ctrl.st_bemf_obs.st_q_axis.f4_k_e_obs_2
200004a8  4  float
_g_motor_angle0_ctrl.st_bemf_obs.st_q_axis.f4_i_pre
200004ac  4  float
_g_motor_angle0_ctrl.st_bemf_obs.st_q_axis.f4_i_est_pre
200004b0  4  float
_g_motor_angle0_ctrl.st_bemf_obs.st_q_axis.f4_d_est
200004b4  4  float
_g_motor_angle0_ctrl.st_bemf_obs.st_q_axis.f4_d_est_pre
200004b8  4  float
_g_motor_angle0_ctrl.st_bemf_obs.st_q_axis.f4_d_est_limit
200004bc  4  float
}
}
_g_motor_angle0_ctrl.st_pll_est
200004c0  c
struct  {
_g_motor_angle0_ctrl.st_pll_est.f4_kp_est_speed
200004c0  4  float
_g_motor_angle0_ctrl.st_pll_est.f4_ki_est_speed
200004c4  4  float
_g_motor_angle0_ctrl.st_pll_est.f4_i_est_speed
200004c8  4  float
}
_g_motor_angle0_ctrl.st_input
200004cc  18
struct  {
_g_motor_angle0_ctrl.st_input.f_vd_ref
200004cc  4  float
_g_motor_angle0_ctrl.st_input.f_vq_ref
200004d0  4  float
_g_motor_angle0_ctrl.st_input.f_id
200004d4  4  float
_g_motor_angle0_ctrl.st_input.f_iq
200004d8  4  float
_g_motor_angle0_ctrl.st_input.f4_ref_speed_rad_ctrl
200004dc  4  float
_g_motor_angle0_ctrl.st_input.f4_damp_comp_speed
200004e0  4  float
}
_g_motor_angle0_ctrl.p_cfg
200004e4  4  [pointer]
}
_g_timer2_ctrl
20000930  20  data ,g
struct  {
_g_timer2_ctrl.open
20000930  4  unsigned long
_g_timer2_ctrl.p_cfg
20000934  4  [pointer]
_g_timer2_ctrl.p_reg
20000938  4  [pointer]
_g_timer2_ctrl.channel_mask
2000093c  4  unsigned long
_g_timer2_ctrl.variant
20000940  1  enum
_g_timer2_ctrl.p_callback
20000944  4  [pointer]
_g_timer2_ctrl.p_callback_memory
20000948  4  [pointer]
_g_timer2_ctrl.p_context
2000094c  4  [pointer]
}
_g_timer1_ctrl
20000910  20  data ,g
struct  {
_g_timer1_ctrl.open
20000910  4  unsigned long
_g_timer1_ctrl.p_cfg
20000914  4  [pointer]
_g_timer1_ctrl.p_reg
20000918  4  [pointer]
_g_timer1_ctrl.channel_mask
2000091c  4  unsigned long
_g_timer1_ctrl.variant
20000920  1  enum
_g_timer1_ctrl.p_callback
20000924  4  [pointer]
_g_timer1_ctrl.p_callback_memory
20000928  4  [pointer]
_g_timer1_ctrl.p_context
2000092c  4  [pointer]
}
_g_timer0_ctrl
200008f0  20  data ,g
struct  {
_g_timer0_ctrl.open
200008f0  4  unsigned long
_g_timer0_ctrl.p_cfg
200008f4  4  [pointer]
_g_timer0_ctrl.p_reg
200008f8  4  [pointer]
_g_timer0_ctrl.channel_mask
200008fc  4  unsigned long
_g_timer0_ctrl.variant
20000900  1  enum
_g_timer0_ctrl.p_callback
20000904  4  [pointer]
_g_timer0_ctrl.p_callback_memory
20000908  4  [pointer]
_g_timer0_ctrl.p_context
2000090c  4  [pointer]
}
_g_three_phase0_ctrl
200008d4  1c  data ,g
struct  {
_g_three_phase0_ctrl.open
200008d4  4  unsigned long
_g_three_phase0_ctrl.p_reg
200008d8  c  [pointer]
_g_three_phase0_ctrl.channel_mask
200008e4  4  unsigned long
_g_three_phase0_ctrl.buffer_mode
200008e8  1  enum
_g_three_phase0_ctrl.p_cfg
200008ec  4  [pointer]
}
_g_adc0_ctrl
2000042c  20  data ,g
struct  {
_g_adc0_ctrl.cached_adtrgenr
2000042c  4  unsigned long
_g_adc0_ctrl.cached_adsystr
20000430  4  unsigned long
_g_adc0_ctrl.p_cfg
20000434  4  [pointer]
_g_adc0_ctrl.p_callback
20000438  4  [pointer]
_g_adc0_ctrl.p_callback_memory
2000043c  4  [pointer]
_g_adc0_ctrl.p_context
20000440  4  [pointer]
_g_adc0_ctrl.initialized
20000444  4  unsigned long
_g_adc0_ctrl.opened
20000448  4  unsigned long
}
_g_motor_driver0_ctrl
20000608  a8  data ,g
struct  {
_g_motor_driver0_ctrl.open
20000608  4  unsigned long
_g_motor_driver0_ctrl.u2_carrier_base
2000060c  2  unsigned short
_g_motor_driver0_ctrl.u2_deadtime_count
2000060e  2  unsigned short
_g_motor_driver0_ctrl.f_iu_ad
20000610  4  float
_g_motor_driver0_ctrl.f_iv_ad
20000614  4  float
_g_motor_driver0_ctrl.f_iw_ad
20000618  4  float
_g_motor_driver0_ctrl.f_vdc_ad
2000061c  4  float
_g_motor_driver0_ctrl.f_sin_ad
20000620  4  float
_g_motor_driver0_ctrl.f_cos_ad
20000624  4  float
_g_motor_driver0_ctrl.f_refu
20000628  4  float
_g_motor_driver0_ctrl.f_refv
2000062c  4  float
_g_motor_driver0_ctrl.f_refw
20000630  4  float
_g_motor_driver0_ctrl.u1_flag_offset_calc
20000634  1  unsigned char
_g_motor_driver0_ctrl.u2_offset_calc_times
20000636  2  unsigned short
_g_motor_driver0_ctrl.f_offset_iu
20000638  4  float
_g_motor_driver0_ctrl.f_offset_iv
2000063c  4  float
_g_motor_driver0_ctrl.f_offset_iw
20000640  4  float
_g_motor_driver0_ctrl.f_sum_iu_ad
20000644  4  float
_g_motor_driver0_ctrl.f_sum_iv_ad
20000648  4  float
_g_motor_driver0_ctrl.f_sum_iw_ad
2000064c  4  float
_g_motor_driver0_ctrl.min_phase
20000650  1  enum
_g_motor_driver0_ctrl.mid_phase
20000651  1  enum
_g_motor_driver0_ctrl.u4_gtioca_low_cfg
20000654  4  unsigned long
_g_motor_driver0_ctrl.u4_gtiocb_low_cfg
20000658  4  unsigned long
_g_motor_driver0_ctrl.st_modulation
2000065c  1c
struct  {
_g_motor_driver0_ctrl.st_modulation.f4_vdc
2000065c  4  float
_g_motor_driver0_ctrl.st_modulation.f4_1_div_vdc
20000660  4  float
_g_motor_driver0_ctrl.st_modulation.f4_voltage_error_ratio
20000664  4  float
_g_motor_driver0_ctrl.st_modulation.f4_max_duty
20000668  4  float
_g_motor_driver0_ctrl.st_modulation.f4_min_duty
2000066c  4  float
_g_motor_driver0_ctrl.st_modulation.f4_neutral_duty
20000670  4  float
_g_motor_driver0_ctrl.st_modulation.u1_sat_flag
20000674  1  unsigned char
}
_g_motor_driver0_ctrl.p_cfg
20000678  4  [pointer]
_g_motor_driver0_ctrl.adc_callback_args
20000680  20
struct  {
_g_motor_driver0_ctrl.adc_callback_args.unit
20000680  2  unsigned short
_g_motor_driver0_ctrl.adc_callback_args.event
20000682  1  enum
_g_motor_driver0_ctrl.adc_callback_args.p_context
20000684  4  [pointer]
_g_motor_driver0_ctrl.adc_callback_args.channel
20000688  1  enum
_g_motor_driver0_ctrl.adc_callback_args.group_mask
20000698  2  enum
}
_g_motor_driver0_ctrl.timer_callback_args
200006a0  c
struct  {
_g_motor_driver0_ctrl.timer_callback_args.p_context
200006a0  4  [pointer]
_g_motor_driver0_ctrl.timer_callback_args.event
200006a4  1  enum
_g_motor_driver0_ctrl.timer_callback_args.capture
200006a8  4  unsigned long
}
}
_g_motor_current0_ctrl
200004e8  11c  data ,g
struct  {
_g_motor_current0_ctrl.open
200004e8  4  unsigned long
_g_motor_current0_ctrl.u1_active
200004ec  1  unsigned char
_g_motor_current0_ctrl.f_vd_ref
200004f0  4  float
_g_motor_current0_ctrl.f_vq_ref
200004f4  4  float
_g_motor_current0_ctrl.f_id_ref
200004f8  4  float
_g_motor_current0_ctrl.f_iq_ref
200004fc  4  float
_g_motor_current0_ctrl.f_iu_ad
20000500  4  float
_g_motor_current0_ctrl.f_iv_ad
20000504  4  float
_g_motor_current0_ctrl.f_iw_ad
20000508  4  float
_g_motor_current0_ctrl.f_id_ad
2000050c  4  float
_g_motor_current0_ctrl.f_iq_ad
20000510  4  float
_g_motor_current0_ctrl.f_vdc_ad
20000514  4  float
_g_motor_current0_ctrl.f_speed_rad
20000518  4  float
_g_motor_current0_ctrl.f_rotor_angle
2000051c  4  float
_g_motor_current0_ctrl.f_position_rad
20000520  4  float
_g_motor_current0_ctrl.f_refu
20000524  4  float
_g_motor_current0_ctrl.f_refv
20000528  4  float
_g_motor_current0_ctrl.f_refw
2000052c  4  float
_g_motor_current0_ctrl.f_va_max
20000530  4  float
_g_motor_current0_ctrl.f_ed
20000534  4  float
_g_motor_current0_ctrl.f_eq
20000538  4  float
_g_motor_current0_ctrl.f_phase_err
2000053c  4  float
_g_motor_current0_ctrl.u1_flag_crnt_offset
20000540  1  unsigned char
_g_motor_current0_ctrl.f_sin_ad_data
20000544  4  float
_g_motor_current0_ctrl.f_cos_ad_data
20000548  4  float
_g_motor_current0_ctrl.p_cfg
2000054c  4  [pointer]
_g_motor_current0_ctrl.st_pi_id
20000550  14
struct  {
_g_motor_current0_ctrl.st_pi_id.f_err
20000550  4  float
_g_motor_current0_ctrl.st_pi_id.f_kp
20000554  4  float
_g_motor_current0_ctrl.st_pi_id.f_ki
20000558  4  float
_g_motor_current0_ctrl.st_pi_id.f_refi
2000055c  4  float
_g_motor_current0_ctrl.st_pi_id.f_ilimit
20000560  4  float
}
_g_motor_current0_ctrl.st_pi_iq
20000564  14
struct  {
_g_motor_current0_ctrl.st_pi_iq.f_err
20000564  4  float
_g_motor_current0_ctrl.st_pi_iq.f_kp
20000568  4  float
_g_motor_current0_ctrl.st_pi_iq.f_ki
2000056c  4  float
_g_motor_current0_ctrl.st_pi_iq.f_refi
20000570  4  float
_g_motor_current0_ctrl.st_pi_iq.f_ilimit
20000574  4  float
}
_g_motor_current0_ctrl.st_vcomp
20000578  70
struct  {
_g_motor_current0_ctrl.st_vcomp.f_comp_v
20000578  14  float
_g_motor_current0_ctrl.st_vcomp.f_comp_i
2000058c  14  float
_g_motor_current0_ctrl.st_vcomp.f_slope
200005a0  18  float
_g_motor_current0_ctrl.st_vcomp.f_intcept
200005b8  18  float
_g_motor_current0_ctrl.st_vcomp.f_volt_comp_array
200005d0  c  float
_g_motor_current0_ctrl.st_vcomp.f_vdc
200005dc  4  float
_g_motor_current0_ctrl.st_vcomp.f_volt_comp_limit
200005e0  4  float
_g_motor_current0_ctrl.st_vcomp.u1_volt_err_comp_enable
200005e4  1  enum
}
_g_motor_current0_ctrl.st_input
200005e8  14
struct  {
_g_motor_current0_ctrl.st_input.f_id_ref
200005e8  4  float
_g_motor_current0_ctrl.st_input.f_iq_ref
200005ec  4  float
_g_motor_current0_ctrl.st_input.f_ref_speed_rad_ctrl
200005f0  4  float
_g_motor_current0_ctrl.st_input.f_damp_comp_speed
200005f4  4  float
_g_motor_current0_ctrl.st_input.u1_flag_pi
200005f8  1  unsigned char
}
_g_motor_current0_ctrl.p_angle_instance
200005fc  4  [pointer]
_g_motor_current0_ctrl.p_driver_instance
20000600  4  [pointer]
}
_g_timer3_ctrl
20000950  1c  data ,g
struct  {
_g_timer3_ctrl.open
20000950  4  unsigned long
_g_timer3_ctrl.p_cfg
20000954  4  [pointer]
_g_timer3_ctrl.p_reg
20000958  4  [pointer]
_g_timer3_ctrl.period
2000095c  4  unsigned long
_g_timer3_ctrl.p_callback
20000960  4  [pointer]
_g_timer3_ctrl.p_callback_memory
20000964  4  [pointer]
_g_timer3_ctrl.p_context
20000968  4  [pointer]
}
_g_motor_speed0_ctrl
2000074c  170  data ,g
struct  {
_g_motor_speed0_ctrl.open
2000074c  4  unsigned long
_g_motor_speed0_ctrl.u1_active
20000750  1  unsigned char
_g_motor_speed0_ctrl.u1_state_speed_ref
20000751  1  unsigned char
_g_motor_speed0_ctrl.u1_flag_get_iref
20000752  1  unsigned char
_g_motor_speed0_ctrl.u1_state_id_ref
20000753  1  unsigned char
_g_motor_speed0_ctrl.u1_state_iq_ref
20000754  1  unsigned char
_g_motor_speed0_ctrl.f_id_ref
20000758  4  float
_g_motor_speed0_ctrl.f_iq_ref
2000075c  4  float
_g_motor_speed0_ctrl.f_rpm2rad
20000760  4  float
_g_motor_speed0_ctrl.f_ref_speed_rad_ctrl
20000764  4  float
_g_motor_speed0_ctrl.f_ref_speed_rad
20000768  4  float
_g_motor_speed0_ctrl.f_speed_lpf_rad
2000076c  4  float
_g_motor_speed0_ctrl.e_status
20000770  1  enum
_g_motor_speed0_ctrl.u1_flag_down_to_ol
20000771  1  unsigned char
_g_motor_speed0_ctrl.f_ol_iq_down_step
20000774  4  float
_g_motor_speed0_ctrl.f_phase_err_rad_lpf
20000778  4  float
_g_motor_speed0_ctrl.f_init_phase_err_rad
2000077c  4  float
_g_motor_speed0_ctrl.f_opl_torque_current
20000780  4  float
_g_motor_speed0_ctrl.f_damp_comp_speed
20000784  4  float
_g_motor_speed0_ctrl.f_damp_comp_gain
20000788  4  float
_g_motor_speed0_ctrl.f_fb_speed_limit_rate
2000078c  4  float
_g_motor_speed0_ctrl.u1_enable_flux_weakning
20000790  1  unsigned char
_g_motor_speed0_ctrl.st_flxwkn
20000794  20
struct  {
_g_motor_speed0_ctrl.st_flxwkn.pmotor
20000794  4  [pointer]
_g_motor_speed0_ctrl.st_flxwkn.f4_ia_max
20000798  4  float
_g_motor_speed0_ctrl.st_flxwkn.f4_va_max
2000079c  4  float
_g_motor_speed0_ctrl.st_flxwkn.f4_vfw_ratio
200007a0  4  float
_g_motor_speed0_ctrl.st_flxwkn.f4_id_demag
200007a4  4  float
_g_motor_speed0_ctrl.st_flxwkn.f4_id_min
200007a8  4  float
_g_motor_speed0_ctrl.st_flxwkn.f4_v_fw
200007ac  4  float
_g_motor_speed0_ctrl.st_flxwkn.u2_fw_status
200007b0  2  unsigned short
}
_g_motor_speed0_ctrl.p_cfg
200007b4  4  [pointer]
_g_motor_speed0_ctrl.pi_param
200007b8  14
struct  {
_g_motor_speed0_ctrl.pi_param.f_err
200007b8  4  float
_g_motor_speed0_ctrl.pi_param.f_kp
200007bc  4  float
_g_motor_speed0_ctrl.pi_param.f_ki
200007c0  4  float
_g_motor_speed0_ctrl.pi_param.f_refi
200007c4  4  float
_g_motor_speed0_ctrl.pi_param.f_ilimit
200007c8  4  float
}
_g_motor_speed0_ctrl.st_input
200007cc  30
struct  {
_g_motor_speed0_ctrl.st_input.f_id
200007cc  4  float
_g_motor_speed0_ctrl.st_input.f_iq
200007d0  4  float
_g_motor_speed0_ctrl.st_input.f_vamax
200007d4  4  float
_g_motor_speed0_ctrl.st_input.f_speed_rad
200007d8  4  float
_g_motor_speed0_ctrl.st_input.f_position_rad
200007dc  4  float
_g_motor_speed0_ctrl.st_input.f_ed
200007e0  4  float
_g_motor_speed0_ctrl.st_input.f_eq
200007e4  4  float
_g_motor_speed0_ctrl.st_input.f_phase_err_rad
200007e8  4  float
_g_motor_speed0_ctrl.st_input.u1_flag_get_iref
200007ec  1  unsigned char
_g_motor_speed0_ctrl.st_input.u1_adjust_status
200007ed  1  unsigned char
_g_motor_speed0_ctrl.st_input.u1_adjust_mode
200007ee  1  unsigned char
_g_motor_speed0_ctrl.st_input.u1_adjust_count_full
200007ef  1  unsigned char
_g_motor_speed0_ctrl.st_input.u1_openloop_status
200007f0  1  unsigned char
_g_motor_speed0_ctrl.st_input.f_openloop_speed
200007f4  4  float
_g_motor_speed0_ctrl.st_input.f_openloop_id_ref
200007f8  4  float
}
_g_motor_speed0_ctrl.st_speed_lpf
200007fc  14
struct  {
_g_motor_speed0_ctrl.st_speed_lpf.f_pre_output
200007fc  4  float
_g_motor_speed0_ctrl.st_speed_lpf.f_pre_input
20000800  4  float
_g_motor_speed0_ctrl.st_speed_lpf.f_omega_t
20000804  4  float
_g_motor_speed0_ctrl.st_speed_lpf.f_gain_ka
20000808  4  float
_g_motor_speed0_ctrl.st_speed_lpf.f_gain_kb
2000080c  4  float
}
_g_motor_speed0_ctrl.st_phase_err_lpf
20000810  14
struct  {
_g_motor_speed0_ctrl.st_phase_err_lpf.f_pre_output
20000810  4  float
_g_motor_speed0_ctrl.st_phase_err_lpf.f_pre_input
20000814  4  float
_g_motor_speed0_ctrl.st_phase_err_lpf.f_omega_t
20000818  4  float
_g_motor_speed0_ctrl.st_phase_err_lpf.f_gain_ka
2000081c  4  float
_g_motor_speed0_ctrl.st_phase_err_lpf.f_gain_kb
20000820  4  float
}
_g_motor_speed0_ctrl.st_observer
20000824  5c
struct  {
_g_motor_speed0_ctrl.st_observer.f4_speed_rad
20000824  4  float
_g_motor_speed0_ctrl.st_observer.f4_ref_torque
20000828  4  float
_g_motor_speed0_ctrl.st_observer.f4_ref_pre_torque
2000082c  4  float
_g_motor_speed0_ctrl.st_observer.f4_ref_speed_rad
20000830  4  float
_g_motor_speed0_ctrl.st_observer.f4_ref_pre_speed_rad
20000834  4  float
_g_motor_speed0_ctrl.st_observer.f4_hpf_k1
20000838  4  float
_g_motor_speed0_ctrl.st_observer.f4_hpf_k2
2000083c  4  float
_g_motor_speed0_ctrl.st_observer.f4_hpf_k3
20000840  4  float
_g_motor_speed0_ctrl.st_observer.f4_k1
20000844  4  float
_g_motor_speed0_ctrl.st_observer.f4_k2
20000848  4  float
_g_motor_speed0_ctrl.st_observer.f4_hpf_ref_speed_rad
2000084c  4  float
_g_motor_speed0_ctrl.st_observer.f4_hpf_ref_pre_speed_rad
20000850  4  float
_g_motor_speed0_ctrl.st_observer.f4_hpf_omega
20000854  4  float
_g_motor_speed0_ctrl.st_observer.st_lpf
20000858  28
struct  {
_g_motor_speed0_ctrl.st_observer.st_lpf.f4_pre_output
20000858  4  float
_g_motor_speed0_ctrl.st_observer.st_lpf.f4_pre2_output
2000085c  4  float
_g_motor_speed0_ctrl.st_observer.st_lpf.f4_pre_input
20000860  4  float
_g_motor_speed0_ctrl.st_observer.st_lpf.f4_pre2_input
20000864  4  float
_g_motor_speed0_ctrl.st_observer.st_lpf.f4_omega_t
20000868  4  float
_g_motor_speed0_ctrl.st_observer.st_lpf.f4_omega2_t
2000086c  4  float
_g_motor_speed0_ctrl.st_observer.st_lpf.f4_omega2_t2
20000870  4  float
_g_motor_speed0_ctrl.st_observer.st_lpf.f4_gain_ka
20000874  4  float
_g_motor_speed0_ctrl.st_observer.st_lpf.f4_gain_kb
20000878  4  float
_g_motor_speed0_ctrl.st_observer.st_lpf.f4_gain_kc
2000087c  4  float
}
}
_g_motor_speed0_ctrl.st_disturbance_observer
20000880  2c
struct  {
_g_motor_speed0_ctrl.st_disturbance_observer.f4_gain_distubance_estimate
20000880  4  float
_g_motor_speed0_ctrl.st_disturbance_observer.f4_gain_speed_estimate
20000884  4  float
_g_motor_speed0_ctrl.st_disturbance_observer.f4_estimated_distubance
20000888  4  float
_g_motor_speed0_ctrl.st_disturbance_observer.f4_estimated_speed
2000088c  4  float
_g_motor_speed0_ctrl.st_disturbance_observer.f4_inertia
20000890  4  float
_g_motor_speed0_ctrl.st_disturbance_observer.f4_ctrl_period
20000894  4  float
_g_motor_speed0_ctrl.st_disturbance_observer.st_lpf
20000898  14
struct  {
_g_motor_speed0_ctrl.st_disturbance_observer.st_lpf.f_pre_output
20000898  4  float
_g_motor_speed0_ctrl.st_disturbance_observer.st_lpf.f_pre_input
2000089c  4  float
_g_motor_speed0_ctrl.st_disturbance_observer.st_lpf.f_omega_t
200008a0  4  float
_g_motor_speed0_ctrl.st_disturbance_observer.st_lpf.f_gain_ka
200008a4  4  float
_g_motor_speed0_ctrl.st_disturbance_observer.st_lpf.f_gain_kb
200008a8  4  float
}
}
_g_motor_speed0_ctrl.st_position_data
200008ac  4
struct  {
_g_motor_speed0_ctrl.st_position_data.e_step_mode
200008ac  1  enum
_g_motor_speed0_ctrl.st_position_data.e_loop_mode
200008ad  1  enum
_g_motor_speed0_ctrl.st_position_data.position_reference_degree
200008ae  2  short
}
_g_motor_speed0_ctrl.timer_args
200008b0  c
struct  {
_g_motor_speed0_ctrl.timer_args.p_context
200008b0  4  [pointer]
_g_motor_speed0_ctrl.timer_args.event
200008b4  1  enum
_g_motor_speed0_ctrl.timer_args.capture
200008b8  4  unsigned long
}
}
_g_motor_sensorless0_ctrl
200006b0  9c  data ,g
struct  {
_g_motor_sensorless0_ctrl.open
200006b0  4  unsigned long
_g_motor_sensorless0_ctrl.u2_error_info
200006b4  2  unsigned short
_g_motor_sensorless0_ctrl.st_statem
200006b6  6
struct  {
_g_motor_sensorless0_ctrl.st_statem.u1_status
200006b6  1  enum
_g_motor_sensorless0_ctrl.st_statem.u1_status_next
200006b7  1  enum
_g_motor_sensorless0_ctrl.st_statem.u1_current_event
200006b8  1  enum
_g_motor_sensorless0_ctrl.st_statem.u2_error_status
200006ba  2  unsigned short
}
_g_motor_sensorless0_ctrl.st_speed_input
200006bc  30
struct  {
_g_motor_sensorless0_ctrl.st_speed_input.f_id
200006bc  4  float
_g_motor_sensorless0_ctrl.st_speed_input.f_iq
200006c0  4  float
_g_motor_sensorless0_ctrl.st_speed_input.f_vamax
200006c4  4  float
_g_motor_sensorless0_ctrl.st_speed_input.f_speed_rad
200006c8  4  float
_g_motor_sensorless0_ctrl.st_speed_input.f_position_rad
200006cc  4  float
_g_motor_sensorless0_ctrl.st_speed_input.f_ed
200006d0  4  float
_g_motor_sensorless0_ctrl.st_speed_input.f_eq
200006d4  4  float
_g_motor_sensorless0_ctrl.st_speed_input.f_phase_err_rad
200006d8  4  float
_g_motor_sensorless0_ctrl.st_speed_input.u1_flag_get_iref
200006dc  1  unsigned char
_g_motor_sensorless0_ctrl.st_speed_input.u1_adjust_status
200006dd  1  unsigned char
_g_motor_sensorless0_ctrl.st_speed_input.u1_adjust_mode
200006de  1  unsigned char
_g_motor_sensorless0_ctrl.st_speed_input.u1_adjust_count_full
200006df  1  unsigned char
_g_motor_sensorless0_ctrl.st_speed_input.u1_openloop_status
200006e0  1  unsigned char
_g_motor_sensorless0_ctrl.st_speed_input.f_openloop_speed
200006e4  4  float
_g_motor_sensorless0_ctrl.st_speed_input.f_openloop_id_ref
200006e8  4  float
}
_g_motor_sensorless0_ctrl.st_speed_output
200006ec  14
struct  {
_g_motor_sensorless0_ctrl.st_speed_output.f_id_ref
200006ec  4  float
_g_motor_sensorless0_ctrl.st_speed_output.f_iq_ref
200006f0  4  float
_g_motor_sensorless0_ctrl.st_speed_output.f_ref_speed_rad_ctrl
200006f4  4  float
_g_motor_sensorless0_ctrl.st_speed_output.f_damp_comp_speed
200006f8  4  float
_g_motor_sensorless0_ctrl.st_speed_output.u1_flag_pi
200006fc  1  unsigned char
}
_g_motor_sensorless0_ctrl.st_current_input
20000700  14
struct  {
_g_motor_sensorless0_ctrl.st_current_input.f_id_ref
20000700  4  float
_g_motor_sensorless0_ctrl.st_current_input.f_iq_ref
20000704  4  float
_g_motor_sensorless0_ctrl.st_current_input.f_ref_speed_rad_ctrl
20000708  4  float
_g_motor_sensorless0_ctrl.st_current_input.f_damp_comp_speed
2000070c  4  float
_g_motor_sensorless0_ctrl.st_current_input.u1_flag_pi
20000710  1  unsigned char
}
_g_motor_sensorless0_ctrl.st_current_output
20000714  34
struct  {
_g_motor_sensorless0_ctrl.st_current_output.f_id
20000714  4  float
_g_motor_sensorless0_ctrl.st_current_output.f_iq
20000718  4  float
_g_motor_sensorless0_ctrl.st_current_output.f_vamax
2000071c  4  float
_g_motor_sensorless0_ctrl.st_current_output.f_speed_rad
20000720  4  float
_g_motor_sensorless0_ctrl.st_current_output.f_speed_rpm
20000724  4  float
_g_motor_sensorless0_ctrl.st_current_output.f_rotor_angle
20000728  4  float
_g_motor_sensorless0_ctrl.st_current_output.f_position_rad
2000072c  4  float
_g_motor_sensorless0_ctrl.st_current_output.f_ed
20000730  4  float
_g_motor_sensorless0_ctrl.st_current_output.f_eq
20000734  4  float
_g_motor_sensorless0_ctrl.st_current_output.f_phase_err_rad
20000738  4  float
_g_motor_sensorless0_ctrl.st_current_output.u1_flag_get_iref
2000073c  1  unsigned char
_g_motor_sensorless0_ctrl.st_current_output.u1_adjust_status
2000073d  1  unsigned char
_g_motor_sensorless0_ctrl.st_current_output.u1_adjust_count_full
2000073e  1  unsigned char
_g_motor_sensorless0_ctrl.st_current_output.u1_openloop_status
2000073f  1  unsigned char
_g_motor_sensorless0_ctrl.st_current_output.f_openloop_speed
20000740  4  float
_g_motor_sensorless0_ctrl.st_current_output.f_openloop_id_ref
20000744  4  float
}
_g_motor_sensorless0_ctrl.p_cfg
20000748  4  [pointer]
}
_g_motor_current0_design
20000000  8  data ,g
struct  {
_g_motor_current0_design.f_current_omega
20000000  4  float
_g_motor_current0_design.f_current_zeta
20000004  4  float
}
_g_motor_current0_motor
20000008  18  data ,g
struct  {
_g_motor_current0_motor.u2_mtr_pp
20000008  2  unsigned short
_g_motor_current0_motor.f4_mtr_r
2000000c  4  float
_g_motor_current0_motor.f4_mtr_ld
20000010  4  float
_g_motor_current0_motor.f4_mtr_lq
20000014  4  float
_g_motor_current0_motor.f4_mtr_m
20000018  4  float
_g_motor_current0_motor.f4_mtr_j
2000001c  4  float
}
_g_bsp_group_irq_sources
20000974  40  data ,g
_g_protect_pfswe_counter
200009b4  4  data ,g
_gp_renesas_isr_context
200009b8  180  data ,g
_g_protect_counters
20000b38  8  data ,g
_SystemCoreClock
20000b40  4  data ,g
_scope_ch_type
20008bc8  8  data ,g
_scope_run_state
20008bdc  4  data ,g
_scope_sampling
20008be0  4  data ,g
_scope_data_index
20008bd4  4  data ,g
_scope_data_ref
20000020  4  data ,g
_scope_pre_count
20008bd8  4  data ,g
_scope_pre_ref
20000024  4  data ,g
_scope_trig_chan
20008be4  4  data ,g
_scope_trig_edge
20008bec  4  data ,g
_scope_trig_mode
20008bf4  4  data ,g
_scope_data_count
20008bd0  4  data ,g
_scope_auto_count
20008bc4  4  data ,g
